// Jest Snapshot v1, https://goo.gl/fbAQLP

exports[`products agent get all products from API 1`] = `
Array [
  Object {
    "description": "Perfect choice when you don’t need any corners.",
    "id": 1,
    "name": "Circle",
    "price": 999,
  },
  Object {
    "description": "For once, it’s a great idea to think inside the box.",
    "id": 2,
    "name": "Rectangle",
    "price": 899,
  },
  Object {
    "description": "A true classic with three elegant corners.",
    "id": 3,
    "name": "Triangle",
    "price": 1009,
  },
]
`;
